\i sql/include/test_setup.sql
--
-- test_setup.sql
--
-- Common setup for regression tests that need to be self-contained.
-- This script creates the extension, a user role, and grants permissions.
--
SET datestyle = 'ISO, YMD';
CREATE EXTENSION IF NOT EXISTS btree_gist;
CREATE EXTENSION IF NOT EXISTS sql_saga CASCADE;
DO $$
BEGIN
    CREATE ROLE sql_saga_unprivileged_user;
EXCEPTION WHEN duplicate_object THEN
END
$$;
GRANT USAGE ON SCHEMA sql_saga TO sql_saga_unprivileged_user;
GRANT SELECT ON ALL TABLES IN SCHEMA sql_saga TO sql_saga_unprivileged_user;
GRANT EXECUTE ON ALL FUNCTIONS IN SCHEMA sql_saga TO sql_saga_unprivileged_user;
/*
 * Allow the unprivileged user to create tables in the public schema.
 * This is required for tests that create their own tables.
 * PG 15+ restricts this by default.
 */
GRANT CREATE ON SCHEMA public TO PUBLIC;
BEGIN;
-- TODO: Add more tests for parameter edge cases.
--
-- Future Scenarios to Test:
--
-- 1. `founding_id_column` behavior:
--    - Scenario 1b (Existing Entity): Create a target entity. Create a source table
--      with a `founding_id` and data that updates the existing entity. Verify
--      that `founding_id` is correctly ignored and the operation proceeds as a
--      normal update.
--
-- 2. Table structure variations:
--
-- 3. Parameter combinations:
--    - Scenario 3a: Test `update_source_with_identity = true` in
--      conjunction with a multi-row `founding_id_column` scenario to ensure
--      the generated surrogate key is correctly back-filled to all source rows
--      sharing the founding_id.
SAVEPOINT scenario_6;
-- Scenario 5: Test `temporal_merge` with `GENERATED ALWAYS` columns
CREATE TABLE tm_gen_col_target (
    id int,
    value int,
    value_x2 int GENERATED ALWAYS AS (value * 2) STORED,
    valid_from date,
    valid_until date
);
SELECT sql_saga.add_era('tm_gen_col_target', 'valid_from', 'valid_until');
 add_era 
---------
 t
(1 row)

SELECT sql_saga.add_unique_key('tm_gen_col_target', ARRAY['id']);
NOTICE:  sql_saga: altering table public.tm_gen_col_target to add constraints: ADD CONSTRAINT tm_gen_col_target_id_valid_uniq UNIQUE (id, valid_from, valid_until) DEFERRABLE, ADD CONSTRAINT tm_gen_col_target_id_valid_excl EXCLUDE USING gist (id WITH =, daterange(valid_from, valid_until) WITH &&) DEFERRABLE
       add_unique_key       
----------------------------
 tm_gen_col_target_id_valid
(1 row)

CREATE TEMP TABLE tm_gen_col_source (
    row_id int,
    id int,
    value int,
    valid_from date,
    valid_until date
);
INSERT INTO tm_gen_col_source VALUES (1, 1, 100, '2024-01-01', 'infinity');
CALL sql_saga.temporal_merge(
    target_table      := 'tm_gen_col_target'::regclass,
    source_table      := 'tm_gen_col_source'::regclass,
    identity_columns        := ARRAY['id']::text[],
    mode              := 'INSERT_NEW_ENTITIES'::sql_saga.temporal_merge_mode
);
-- Verify that the generated column was computed correctly.
\echo '--- Executor: Expected Final State ---'
--- Executor: Expected Final State ---
SELECT * FROM (VALUES (1, 100, 200, '2024-01-01'::date, 'infinity'::date))
    AS t(id, value, value_x2, valid_from, valid_until);
 id | value | value_x2 | valid_from | valid_until 
----+-------+----------+------------+-------------
  1 |   100 |      200 | 2024-01-01 | infinity
(1 row)

\echo '--- Executor: Actual Final State ---'
--- Executor: Actual Final State ---
TABLE tm_gen_col_target;
 id | value | value_x2 | valid_from | valid_until 
----+-------+----------+------------+-------------
  1 |   100 |      200 | 2024-01-01 | infinity
(1 row)

ROLLBACK TO SAVEPOINT scenario_6;
SAVEPOINT scenario_8;
-- Scenario 8: Test `temporal_merge` with existing target data and a new source entity.
-- This reproduces the bug where the planner incorrectly mixes entities.
CREATE TABLE tm_mix_bug_target (id int, value text, valid_from date, valid_until date);
SELECT sql_saga.add_era('tm_mix_bug_target', 'valid_from', 'valid_until');
 add_era 
---------
 t
(1 row)

SELECT sql_saga.add_unique_key('tm_mix_bug_target', ARRAY['id']);
NOTICE:  sql_saga: altering table public.tm_mix_bug_target to add constraints: ADD CONSTRAINT tm_mix_bug_target_id_valid_uniq UNIQUE (id, valid_from, valid_until) DEFERRABLE, ADD CONSTRAINT tm_mix_bug_target_id_valid_excl EXCLUDE USING gist (id WITH =, daterange(valid_from, valid_until) WITH &&) DEFERRABLE
       add_unique_key       
----------------------------
 tm_mix_bug_target_id_valid
(1 row)

INSERT INTO tm_mix_bug_target VALUES (1, 'existing', '2023-01-01', 'infinity');
CREATE TEMP TABLE tm_mix_bug_source (row_id int, id int, value text, valid_from date, valid_until date);
INSERT INTO tm_mix_bug_source VALUES (1, 2, 'new', '2024-01-01', 'infinity');
CALL sql_saga.temporal_merge(
    target_table      := 'tm_mix_bug_target'::regclass,
    source_table      := 'tm_mix_bug_source'::regclass,
    identity_columns        := ARRAY['id']::text[],
    mode              := 'MERGE_ENTITY_REPLACE'::sql_saga.temporal_merge_mode
);
-- Verify the plan does not contain chaotic operations.
\echo '--- Executor: Expected Plan ---'
--- Executor: Expected Plan ---
SELECT * FROM (VALUES
    (1, '{1}'::int[], 'INSERT'::sql_saga.temporal_merge_plan_action, '{"id": 2}'::jsonb)
) AS t(plan_op_seq, row_ids, operation, entity_ids);
 plan_op_seq | row_ids | operation | entity_ids 
-------------+---------+-----------+------------
           1 | {1}     | INSERT    | {"id": 2}
(1 row)

\echo '--- Executor: Actual Plan ---'
--- Executor: Actual Plan ---
SELECT plan_op_seq, row_ids, operation, entity_ids
FROM pg_temp.temporal_merge_plan
ORDER BY plan_op_seq;
 plan_op_seq | row_ids | operation | entity_ids 
-------------+---------+-----------+------------
           1 | {1}     | INSERT    | {"id": 2}
(1 row)

-- Verify final state is correct.
\echo '--- Executor: Expected Final State ---'
--- Executor: Expected Final State ---
SELECT * FROM (VALUES
    (1, 'existing', '2023-01-01'::date, 'infinity'::date),
    (2, 'new', '2024-01-01'::date, 'infinity'::date)
) AS t(id, value, valid_from, valid_until);
 id |  value   | valid_from | valid_until 
----+----------+------------+-------------
  1 | existing | 2023-01-01 | infinity
  2 | new      | 2024-01-01 | infinity
(2 rows)

\echo '--- Executor: Actual Final State ---'
--- Executor: Actual Final State ---
TABLE tm_mix_bug_target ORDER BY id;
 id |  value   | valid_from | valid_until 
----+----------+------------+-------------
  1 | existing | 2023-01-01 | infinity
  2 | new      | 2024-01-01 | infinity
(2 rows)

ROLLBACK TO SAVEPOINT scenario_8;
SAVEPOINT scenario_9;
-- Scenario 9: Test that `temporal_merge` fails gracefully if identity_columns is empty or NULL.
CREATE TABLE tm_bad_params_target (id int, value text, valid_from date, valid_until date);
SELECT sql_saga.add_era('tm_bad_params_target', 'valid_from', 'valid_until');
 add_era 
---------
 t
(1 row)

CREATE TEMP TABLE tm_bad_params_source (row_id int, id int, value text, valid_from date, valid_until date);
-- Test with NULL identity_columns
DO $$
BEGIN
    CALL sql_saga.temporal_merge(
        target_table      := 'tm_bad_params_target'::regclass,
        source_table      := 'tm_bad_params_source'::regclass,
        identity_columns        := NULL,
        mode              := 'MERGE_ENTITY_REPLACE'::sql_saga.temporal_merge_mode
    );
    RAISE EXCEPTION 'temporal_merge should have failed for NULL identity_columns';
EXCEPTION WHEN others THEN
    RAISE NOTICE 'Caught expected error for NULL identity_columns: %', SQLERRM;
END;
$$;
NOTICE:  Caught expected error for NULL identity_columns: Could not discover a stable key (primary or natural) for table "tm_bad_params_target". Please register a key using sql_saga.add_unique_key() or explicitly provide identity_columns.
-- Test with empty identity_columns
DO $$
BEGIN
    CALL sql_saga.temporal_merge(
        target_table      := 'tm_bad_params_target'::regclass,
        source_table      := 'tm_bad_params_source'::regclass,
        identity_columns        := ARRAY[]::TEXT[],
        mode              := 'MERGE_ENTITY_REPLACE'::sql_saga.temporal_merge_mode
    );
    RAISE EXCEPTION 'temporal_merge should have failed for empty identity_columns';
EXCEPTION WHEN others THEN
    RAISE NOTICE 'Caught expected error for empty identity_columns: %', SQLERRM;
END;
$$;
NOTICE:  Caught expected error for empty identity_columns: Could not determine identity columns for table "tm_bad_params_target". No primary or natural keys are registered, or they were explicitly disabled with an empty array.
ROLLBACK TO SAVEPOINT scenario_9;
SAVEPOINT scenario_10;
-- Scenario 10: Test that `temporal_merge` fails if non-existent column names are provided.
CREATE TABLE tm_bad_cols_target (id int, value text, valid_from date, valid_until date);
SELECT sql_saga.add_era('tm_bad_cols_target', 'valid_from', 'valid_until');
 add_era 
---------
 t
(1 row)

CREATE TEMP TABLE tm_bad_cols_source (real_row_id int, id int, value text, valid_from date, valid_until date, real_founding_id int);
-- Test with non-existent row_id_column
DO $$
BEGIN
    CALL sql_saga.temporal_merge(
        target_table      := 'tm_bad_cols_target'::regclass,
        source_table      := 'tm_bad_cols_source'::regclass,
        identity_columns        := ARRAY['id'],
        row_id_column := 'non_existent_row_id'::name
    );
    RAISE EXCEPTION 'temporal_merge should have failed for non-existent row_id_column';
EXCEPTION WHEN others THEN
    RAISE NOTICE 'Caught expected error for non-existent row_id_column: %', SQLERRM;
END;
$$;
NOTICE:  Caught expected error for non-existent row_id_column: row_id_column "non_existent_row_id" does not exist in source table tm_bad_cols_sources
-- Test with non-existent founding_id_column
DO $$
BEGIN
    CALL sql_saga.temporal_merge(
        target_table      := 'tm_bad_cols_target'::regclass,
        source_table      := 'tm_bad_cols_source'::regclass,
        identity_columns        := ARRAY['id'],
        row_id_column := 'real_row_id',
        founding_id_column := 'non_existent_founding_id'::name
    );
    RAISE EXCEPTION 'temporal_merge should have failed for non-existent founding_id_column';
EXCEPTION WHEN others THEN
    RAISE NOTICE 'Caught expected error for non-existent founding_id_column: %', SQLERRM;
END;
$$;
NOTICE:  Caught expected error for non-existent founding_id_column: founding_id_column "non_existent_founding_id" does not exist in source table tm_bad_cols_sources
ROLLBACK TO SAVEPOINT scenario_10;
SAVEPOINT scenario_11;
-- Scenario 11: Test using a non-default row_id_column name.
CREATE TABLE tm_custom_rowid_target (id int, value text, valid_from date, valid_until date);
SELECT sql_saga.add_era('tm_custom_rowid_target', 'valid_from', 'valid_until');
 add_era 
---------
 t
(1 row)

SELECT sql_saga.add_unique_key('tm_custom_rowid_target', ARRAY['id']);
NOTICE:  sql_saga: altering table public.tm_custom_rowid_target to add constraints: ADD CONSTRAINT tm_custom_rowid_target_id_valid_uniq UNIQUE (id, valid_from, valid_until) DEFERRABLE, ADD CONSTRAINT tm_custom_rowid_target_id_valid_excl EXCLUDE USING gist (id WITH =, daterange(valid_from, valid_until) WITH &&) DEFERRABLE
         add_unique_key          
---------------------------------
 tm_custom_rowid_target_id_valid
(1 row)

CREATE TEMP TABLE tm_custom_rowid_source (
    source_pk int, -- Custom row identifier
    id int,
    value text,
    valid_from date,
    valid_until date
);
INSERT INTO tm_custom_rowid_source VALUES (101, 1, 'A', '2024-01-01', 'infinity');
CALL sql_saga.temporal_merge(
    target_table      := 'tm_custom_rowid_target'::regclass,
    source_table      := 'tm_custom_rowid_source'::regclass,
    identity_columns        := ARRAY['id'],
    row_id_column := 'source_pk'::name
);
-- Verify that the merge was successful and feedback works.
\echo '--- Executor: Expected Final State ---'
--- Executor: Expected Final State ---
SELECT * FROM (VALUES (1, 'A', '2024-01-01'::date, 'infinity'::date)) AS t(id, value, valid_from, valid_until);
 id | value | valid_from | valid_until 
----+-------+------------+-------------
  1 | A     | 2024-01-01 | infinity
(1 row)

\echo '--- Executor: Actual Final State ---'
--- Executor: Actual Final State ---
TABLE tm_custom_rowid_target;
 id | value | valid_from | valid_until 
----+-------+------------+-------------
  1 | A     | 2024-01-01 | infinity
(1 row)

\echo '--- Executor: Expected Feedback ---'
--- Executor: Expected Feedback ---
SELECT * FROM (VALUES (101, '[{"id": 1}]'::jsonb, 'APPLIED'::sql_saga.temporal_merge_feedback_status))
    AS t(source_row_id, target_entity_ids, status);
 source_row_id | target_entity_ids | status  
---------------+-------------------+---------
           101 | [{"id": 1}]       | APPLIED
(1 row)

\echo '--- Executor: Actual Feedback ---'
--- Executor: Actual Feedback ---
SELECT source_row_id, target_entity_ids, status FROM pg_temp.temporal_merge_feedback WHERE source_row_id = 101;
 source_row_id | target_entity_ids | status  
---------------+-------------------+---------
           101 | [{"id": 1}]       | APPLIED
(1 row)

ROLLBACK TO SAVEPOINT scenario_11;
SAVEPOINT scenario_12;
-- Scenario 12: Test that `temporal_merge` fails if the default row_id_column ('row_id') does not exist.
CREATE TABLE tm_no_rowid_target (id int, value text, valid_from date, valid_until date);
SELECT sql_saga.add_era('tm_no_rowid_target', 'valid_from', 'valid_until');
 add_era 
---------
 t
(1 row)

CREATE TEMP TABLE tm_no_rowid_sources (some_other_pk int, id int, value text, valid_from date, valid_until date);
DO $$
BEGIN
    CALL sql_saga.temporal_merge(
        target_table      := 'tm_no_rowid_target'::regclass,
        source_table      := 'tm_no_rowid_sources'::regclass,
        identity_columns        := ARRAY['id']
        -- row_id_column is deliberately omitted to test the default
    );
    RAISE EXCEPTION 'temporal_merge should have failed for missing default row_id column';
EXCEPTION WHEN others THEN
    RAISE NOTICE 'Caught expected error for missing default row_id column: %', SQLERRM;
END;
$$;
NOTICE:  Caught expected error for missing default row_id column: row_id_column "row_id" does not exist in source table tm_no_rowid_sourcess
ROLLBACK TO SAVEPOINT scenario_12;
SAVEPOINT scenario_13;
-- Scenario 13: Test `temporal_merge` with non-standard column and era names.
CREATE TABLE tm_weird_names (
    unit_pk int,
    some_value text,
    period_begins date,
    period_ends date
);
SELECT sql_saga.add_era('tm_weird_names', 'period_begins', 'period_ends', 'timeline');
 add_era 
---------
 t
(1 row)

SELECT sql_saga.add_unique_key('tm_weird_names', ARRAY['unit_pk'], 'timeline');
NOTICE:  sql_saga: altering table public.tm_weird_names to add constraints: ADD CONSTRAINT tm_weird_names_unit_pk_timeline_uniq UNIQUE (unit_pk, period_begins, period_ends) DEFERRABLE, ADD CONSTRAINT tm_weird_names_unit_pk_timeline_excl EXCLUDE USING gist (unit_pk WITH =, daterange(period_begins, period_ends) WITH &&) DEFERRABLE
         add_unique_key          
---------------------------------
 tm_weird_names_unit_pk_timeline
(1 row)

CREATE TEMP TABLE tm_weird_names_source (
    source_op_id int,
    unit_pk int,
    some_value text,
    period_begins date,
    period_ends date
);
INSERT INTO tm_weird_names_source VALUES (1, 1, 'X', '2024-01-01', 'infinity');
CALL sql_saga.temporal_merge(
    target_table      := 'tm_weird_names'::regclass,
    source_table      := 'tm_weird_names_source'::regclass,
    identity_columns        := ARRAY['unit_pk'],
    era_name          := 'timeline'::name,
    row_id_column := 'source_op_id'::name
);
-- Verify merge was successful
\echo '--- Executor: Expected Final State ---'
--- Executor: Expected Final State ---
SELECT * FROM (VALUES (1, 'X', '2024-01-01'::date, 'infinity'::date)) AS t(unit_pk, some_value, period_begins, period_ends);
 unit_pk | some_value | period_begins | period_ends 
---------+------------+---------------+-------------
       1 | X          | 2024-01-01    | infinity
(1 row)

\echo '--- Executor: Actual Final State ---'
--- Executor: Actual Final State ---
TABLE tm_weird_names;
 unit_pk | some_value | period_begins | period_ends 
---------+------------+---------------+-------------
       1 | X          | 2024-01-01    | infinity
(1 row)

\echo '--- Executor: Expected Feedback ---'
--- Executor: Expected Feedback ---
SELECT * FROM (VALUES (1, '[{"unit_pk": 1}]'::jsonb, 'APPLIED'::sql_saga.temporal_merge_feedback_status))
    AS t(source_row_id, target_entity_ids, status);
 source_row_id | target_entity_ids | status  
---------------+-------------------+---------
             1 | [{"unit_pk": 1}]  | APPLIED
(1 row)

\echo '--- Executor: Actual Feedback ---'
--- Executor: Actual Feedback ---
SELECT source_row_id, target_entity_ids, status FROM pg_temp.temporal_merge_feedback;
 source_row_id | target_entity_ids | status  
---------------+-------------------+---------
             1 | [{"unit_pk": 1}]  | APPLIED
(1 row)

ROLLBACK TO SAVEPOINT scenario_13;
SAVEPOINT scenario_14;
-- Scenario 14: Test `temporal_merge` with a target table that has no data columns.
CREATE TABLE tm_no_data_cols_target (
    id int,
    valid_from date,
    valid_until date
);
SELECT sql_saga.add_era('tm_no_data_cols_target', 'valid_from', 'valid_until');
 add_era 
---------
 t
(1 row)

SELECT sql_saga.add_unique_key('tm_no_data_cols_target', ARRAY['id']);
NOTICE:  sql_saga: altering table public.tm_no_data_cols_target to add constraints: ADD CONSTRAINT tm_no_data_cols_target_id_valid_uniq UNIQUE (id, valid_from, valid_until) DEFERRABLE, ADD CONSTRAINT tm_no_data_cols_target_id_valid_excl EXCLUDE USING gist (id WITH =, daterange(valid_from, valid_until) WITH &&) DEFERRABLE
         add_unique_key          
---------------------------------
 tm_no_data_cols_target_id_valid
(1 row)

CREATE TEMP TABLE tm_no_data_cols_source (
    row_id int,
    id int,
    valid_from date,
    valid_until date
);
INSERT INTO tm_no_data_cols_source VALUES (1, 1, '2024-01-01', 'infinity');
CALL sql_saga.temporal_merge(
    target_table      := 'tm_no_data_cols_target'::regclass,
    source_table      := 'tm_no_data_cols_source'::regclass,
    identity_columns        := ARRAY['id'],
    mode              := 'INSERT_NEW_ENTITIES'
);
-- Verify merge was successful and feedback is correct
\echo '--- Executor: Expected Final State ---'
--- Executor: Expected Final State ---
SELECT * FROM (VALUES (1, '2024-01-01'::date, 'infinity'::date)) AS t(id, valid_from, valid_until);
 id | valid_from | valid_until 
----+------------+-------------
  1 | 2024-01-01 | infinity
(1 row)

\echo '--- Executor: Actual Final State ---'
--- Executor: Actual Final State ---
TABLE tm_no_data_cols_target;
 id | valid_from | valid_until 
----+------------+-------------
  1 | 2024-01-01 | infinity
(1 row)

\echo '--- Executor: Expected Feedback ---'
--- Executor: Expected Feedback ---
SELECT * FROM (VALUES (1, '[{"id": 1}]'::jsonb, 'APPLIED'::sql_saga.temporal_merge_feedback_status))
    AS t(source_row_id, target_entity_ids, status);
 source_row_id | target_entity_ids | status  
---------------+-------------------+---------
             1 | [{"id": 1}]       | APPLIED
(1 row)

\echo '--- Executor: Actual Feedback ---'
--- Executor: Actual Feedback ---
SELECT source_row_id, target_entity_ids, status FROM pg_temp.temporal_merge_feedback;
 source_row_id | target_entity_ids | status  
---------------+-------------------+---------
             1 | [{"id": 1}]       | APPLIED
(1 row)

ROLLBACK TO SAVEPOINT scenario_14;
SAVEPOINT scenario_15;
-- Scenario 15: Test `temporal_merge` with extra columns in the source table.
-- These columns should be ignored by the procedure.
CREATE TABLE tm_extra_cols_target (id int, value text, valid_from date, valid_until date);
SELECT sql_saga.add_era('tm_extra_cols_target', 'valid_from', 'valid_until');
 add_era 
---------
 t
(1 row)

SELECT sql_saga.add_unique_key('tm_extra_cols_target', ARRAY['id']);
NOTICE:  sql_saga: altering table public.tm_extra_cols_target to add constraints: ADD CONSTRAINT tm_extra_cols_target_id_valid_uniq UNIQUE (id, valid_from, valid_until) DEFERRABLE, ADD CONSTRAINT tm_extra_cols_target_id_valid_excl EXCLUDE USING gist (id WITH =, daterange(valid_from, valid_until) WITH &&) DEFERRABLE
        add_unique_key         
-------------------------------
 tm_extra_cols_target_id_valid
(1 row)

CREATE TEMP TABLE tm_extra_cols_source (
    row_id int,
    id int,
    value text,
    extra_col_1 text, -- This should be ignored
    valid_from date,
    valid_until date,
    extra_col_2 int   -- This should also be ignored
);
INSERT INTO tm_extra_cols_source VALUES (1, 1, 'A', 'ignore me', '2024-01-01', 'infinity', 999);
CALL sql_saga.temporal_merge(
    target_table      := 'tm_extra_cols_target'::regclass,
    source_table      := 'tm_extra_cols_source'::regclass,
    identity_columns        := ARRAY['id'],
    mode              := 'INSERT_NEW_ENTITIES'
);
-- Verify merge was successful
\echo '--- Executor: Expected Final State ---'
--- Executor: Expected Final State ---
SELECT * FROM (VALUES (1, 'A', '2024-01-01'::date, 'infinity'::date)) AS t(id, value, valid_from, valid_until);
 id | value | valid_from | valid_until 
----+-------+------------+-------------
  1 | A     | 2024-01-01 | infinity
(1 row)

\echo '--- Executor: Actual Final State ---'
--- Executor: Actual Final State ---
TABLE tm_extra_cols_target;
 id | value | valid_from | valid_until 
----+-------+------------+-------------
  1 | A     | 2024-01-01 | infinity
(1 row)

ROLLBACK TO SAVEPOINT scenario_15;
SAVEPOINT scenario_16;
-- Scenario 16: Test `founding_id_column` for creating a new entity from multiple source rows.
CREATE TABLE tm_founding_target (
    id int generated by default as identity,
    entity_ident text,
    value text,
    valid_from date,
    valid_until date,
    PRIMARY KEY (id, valid_from)
);
SELECT sql_saga.add_era('tm_founding_target', 'valid_from', 'valid_until');
 add_era 
---------
 t
(1 row)

SELECT sql_saga.add_unique_key('tm_founding_target', ARRAY['entity_ident']);
NOTICE:  sql_saga: altering table public.tm_founding_target to add constraints: ADD CONSTRAINT tm_founding_target_entity_ident_valid_uniq UNIQUE (entity_ident, valid_from, valid_until) DEFERRABLE, ADD CONSTRAINT tm_founding_target_entity_ident_valid_excl EXCLUDE USING gist (entity_ident WITH =, daterange(valid_from, valid_until) WITH &&) DEFERRABLE
            add_unique_key             
---------------------------------------
 tm_founding_target_entity_ident_valid
(1 row)

CREATE TEMP TABLE tm_founding_source (
    row_id int,
    founding_group_id int, -- This is the founding_id
    entity_ident text,
    value text,
    valid_from date,
    valid_until date
);
INSERT INTO tm_founding_source VALUES
(1, 101, 'NEW_ENTITY_1', 'A', '2024-01-01', '2024-06-01'),
(2, 101, 'NEW_ENTITY_1', 'B', '2024-06-01', 'infinity');
CALL sql_saga.temporal_merge(
    target_table      := 'tm_founding_target'::regclass,
    source_table      := 'tm_founding_source'::regclass,
    identity_columns        := ARRAY['entity_ident'],
    mode              := 'INSERT_NEW_ENTITIES',
    founding_id_column := 'founding_group_id'::name
);
-- Verify that a single new entity was created with two historical slices.
\echo '--- Executor: Expected Final State (A single entity with a consistent surrogate key) ---'
--- Executor: Expected Final State (A single entity with a consistent surrogate key) ---
SELECT * FROM (VALUES
    (1, 'NEW_ENTITY_1', 'A', '2024-01-01'::date, '2024-06-01'::date),
    (1, 'NEW_ENTITY_1', 'B', '2024-06-01'::date, 'infinity'::date)
) AS t (id, entity_ident, value, valid_from, valid_until);
 id | entity_ident | value | valid_from | valid_until 
----+--------------+-------+------------+-------------
  1 | NEW_ENTITY_1 | A     | 2024-01-01 | 2024-06-01
  1 | NEW_ENTITY_1 | B     | 2024-06-01 | infinity
(2 rows)

\echo '--- Executor: Actual Final State ---'
--- Executor: Actual Final State ---
SELECT id, entity_ident, value, valid_from, valid_until
FROM tm_founding_target
ORDER BY valid_from;
 id | entity_ident | value | valid_from | valid_until 
----+--------------+-------+------------+-------------
  1 | NEW_ENTITY_1 | A     | 2024-01-01 | 2024-06-01
  1 | NEW_ENTITY_1 | B     | 2024-06-01 | infinity
(2 rows)

-- Verify that both source rows were associated with the same new entity.
\echo '--- Executor: Expected Feedback ---'
--- Executor: Expected Feedback ---
SELECT * FROM (VALUES
    (1, '[{"id": 1, "entity_ident": "NEW_ENTITY_1"}]'::jsonb),
    (2, '[{"id": 1, "entity_ident": "NEW_ENTITY_1"}]'::jsonb)
) AS t (source_row_id, target_entity_ids);
 source_row_id |              target_entity_ids              
---------------+---------------------------------------------
             1 | [{"id": 1, "entity_ident": "NEW_ENTITY_1"}]
             2 | [{"id": 1, "entity_ident": "NEW_ENTITY_1"}]
(2 rows)

\echo '--- Executor: Actual Feedback ---'
--- Executor: Actual Feedback ---
SELECT source_row_id, target_entity_ids
FROM pg_temp.temporal_merge_feedback
ORDER BY source_row_id;
 source_row_id |              target_entity_ids              
---------------+---------------------------------------------
             1 | [{"id": 1, "entity_ident": "NEW_ENTITY_1"}]
             2 | [{"id": 1, "entity_ident": "NEW_ENTITY_1"}]
(2 rows)

ROLLBACK TO SAVEPOINT scenario_16;
ROLLBACK;
\i sql/include/test_teardown.sql
--
-- test_teardown.sql
--
-- Common teardown for regression tests. This script drops the unprivileged
-- user role created by test_setup.sql.
--
-- It is important to reset the role first, in case a test fails and
-- leaves the session role set to the user that is about to be dropped.
RESET ROLE;
-- Drop the extensions to ensure a clean state for the next test.
-- Use CASCADE to remove any dependent objects created by sql_saga.
DROP EXTENSION IF EXISTS sql_saga CASCADE;
DROP EXTENSION IF EXISTS btree_gist CASCADE;
-- Revoke any privileges held by the test user and drop any objects they own.
-- This is necessary before the role can be dropped.
DROP OWNED BY sql_saga_unprivileged_user;
DROP ROLE IF EXISTS sql_saga_unprivileged_user;
