CREATE TABLE date_shifts (
  job_id INTEGER,
  worker_id INTEGER,
  valid_after DATE,
  valid_to DATE
);
-- Add era and unique key via sql_saga
SELECT sql_saga.add_era('date_shifts', 'valid_after', 'valid_to');
 add_era 
---------
 t
(1 row)

SELECT sql_saga.add_unique_key('date_shifts', ARRAY['job_id', 'worker_id']);
           add_unique_key           
------------------------------------
 date_shifts_job_id_worker_id_valid
(1 row)

TABLE sql_saga.era;
  table_oid  | era_name | start_after_column_name | stop_on_column_name | range_type | bounds_check_constraint | audit_table_oid 
-------------+----------+-------------------------+---------------------+------------+-------------------------+-----------------
 date_shifts | valid    | valid_after             | valid_to            | daterange  | date_shifts_valid_check | 
(1 row)

TABLE sql_saga.unique_keys;
          unique_key_name           |  table_oid  |    column_names    | era_name |                   unique_constraint                   |             exclude_constraint              
------------------------------------+-------------+--------------------+----------+-------------------------------------------------------+---------------------------------------------
 date_shifts_job_id_worker_id_valid | date_shifts | {job_id,worker_id} | valid    | date_shifts_job_id_worker_id_valid_after_valid_to_key | date_shifts_job_id_worker_id_daterange_excl
(1 row)

-- Insert test data into the integer date_shifts table
INSERT INTO date_shifts(job_id, worker_id, valid_after, valid_to) VALUES
  (1, 1, '2017-11-22', '2017-11-24'),
  (1, 2, '2017-11-24', '2017-11-28'),
  (2, 3, '2017-11-22', '2017-11-24'),
  (2, 4, '2017-11-25', '2017-11-28'),
  (3, 5, '-infinity',  '2017-11-24'),
  (3, 5, '2017-11-24', '2017-11-28'),
  (4, 6, '2017-11-22', '2017-11-24'),
  (4, 7, '2017-11-24', 'infinity')
;
-- TRUE:
-- it covers when the range matches one exactly:
SELECT  sql_saga.no_gaps(daterange(valid_after,valid_to), daterange('2017-11-22', '2017-11-24'))
FROM    date_shifts
WHERE   job_id = 1;
 no_gaps 
---------
 t
(1 row)

-- it covers when the range matches two exactly:
SELECT  sql_saga.no_gaps(daterange(valid_after,valid_to), daterange('2017-11-22', '2017-11-28'))
FROM    date_shifts
WHERE   job_id = 1;
 no_gaps 
---------
 t
(1 row)

-- it covers when the range has extra in front:
SELECT  sql_saga.no_gaps(daterange(valid_after,valid_to), daterange('2017-11-23', '2017-11-28'))
FROM    date_shifts
WHERE   job_id = 1;
 no_gaps 
---------
 t
(1 row)

-- it covers when the range has extra behind:
SELECT  sql_saga.no_gaps(daterange(valid_after,valid_to), daterange('2017-11-22', '2017-11-26'))
FROM    date_shifts
WHERE   job_id = 1;
 no_gaps 
---------
 t
(1 row)

-- it covers when the range has extra on both sides:
SELECT  sql_saga.no_gaps(daterange(valid_after,valid_to), daterange('2017-11-23', '2017-11-26'))
FROM    date_shifts
WHERE   job_id = 1;
 no_gaps 
---------
 t
(1 row)

-- an infinite start will cover a finite target:
SELECT  sql_saga.no_gaps(daterange(valid_after,valid_to), daterange('2017-11-22', '2017-11-28'))
FROM    date_shifts
WHERE   job_id = 3;
 no_gaps 
---------
 t
(1 row)

-- an infinite start will cover an infinite target:
SELECT  sql_saga.no_gaps(daterange(valid_after,valid_to), daterange('-infinity', '2017-11-28'))
FROM    date_shifts
WHERE   job_id = 3;
 no_gaps 
---------
 t
(1 row)

-- an infinite end will cover a finite target:
SELECT  sql_saga.no_gaps(daterange(valid_after,valid_to), daterange('2017-11-22', '2017-11-28'))
FROM    date_shifts
WHERE   job_id = 4;
 no_gaps 
---------
 t
(1 row)

-- an infinite end will cover an infinite target:
SELECT  sql_saga.no_gaps(daterange(valid_after,valid_to), daterange('2017-11-22', 'infinity'))
FROM    date_shifts
WHERE   job_id = 4;
 no_gaps 
---------
 t
(1 row)

-- FALSE:
-- it does not cover when the range is null:
SELECT  sql_saga.no_gaps(NULL, daterange('2017-11-22', '2017-11-28'))
FROM    date_shifts
WHERE   job_id = 1;
 no_gaps 
---------
 f
(1 row)

-- it does not cover when the range misses completely:
SELECT  sql_saga.no_gaps(daterange(valid_after,valid_to), daterange('2017-11-29', '2017-11-30'))
FROM    date_shifts
WHERE   job_id = 1;
 no_gaps 
---------
 f
(1 row)

-- it does not cover when the range has something at the beginning:
SELECT  sql_saga.no_gaps(daterange(valid_after,valid_to), daterange('2017-11-21', '2017-11-28'))
FROM    date_shifts
WHERE   job_id = 1;
 no_gaps 
---------
 f
(1 row)

-- it does not cover when the range has something at the end:
SELECT  sql_saga.no_gaps(daterange(valid_after,valid_to), daterange('2017-11-22', '2017-11-29'))
FROM    date_shifts
WHERE   job_id = 1;
 no_gaps 
---------
 f
(1 row)

-- it does not cover when the range has something in the middle:
SELECT  sql_saga.no_gaps(daterange(valid_after,valid_to), daterange('2017-11-22', '2017-11-28'))
FROM    date_shifts
WHERE   job_id = 2;
 no_gaps 
---------
 f
(1 row)

-- it does not cover when the range is lower-unbounded:
SELECT  sql_saga.no_gaps(daterange(valid_after,valid_to), daterange('-infinity', '2017-11-28'))
FROM    date_shifts
WHERE   job_id = 1;
 no_gaps 
---------
 f
(1 row)

-- it does not cover when the range is upper-unbounded:
SELECT  sql_saga.no_gaps(daterange(valid_after,valid_to), daterange('2017-11-22', 'infinity'))
FROM    date_shifts
WHERE   job_id = 1;
 no_gaps 
---------
 f
(1 row)

-- it does not cover when the range is both-sides-unbounded:
SELECT  sql_saga.no_gaps(daterange(valid_after,valid_to), daterange('-infinity', 'infinity'))
FROM    date_shifts
WHERE   job_id = 1;
 no_gaps 
---------
 f
(1 row)

-- an infinite start will not cover a finite target if there is uncovered time at the end:
SELECT  sql_saga.no_gaps(daterange(valid_after,valid_to), daterange('2017-11-22', '2017-11-29'))
FROM    date_shifts
WHERE   job_id = 3;
 no_gaps 
---------
 f
(1 row)

-- an infinite start will not cover an infinite target if there is uncovered time at the end:
SELECT  sql_saga.no_gaps(daterange(valid_after,valid_to), daterange('-infinity', '2017-11-29'))
FROM    date_shifts
WHERE   job_id = 3;
 no_gaps 
---------
 f
(1 row)

-- an infinite end will not cover a finite target if there is uncovered time at the beginning:
SELECT  sql_saga.no_gaps(daterange(valid_after,valid_to), daterange('2017-11-21', '2017-11-28'))
FROM    date_shifts
WHERE   job_id = 4;
 no_gaps 
---------
 f
(1 row)

-- an infinite end will not cover an infinite target if there is uncovered time at the beginning:
SELECT  sql_saga.no_gaps(daterange(valid_after,valid_to), daterange('2017-11-21', 'infinity'))
FROM    date_shifts
WHERE   job_id = 4;
 no_gaps 
---------
 f
(1 row)

-- NULL:
-- it is unknown when the target is null:
SELECT  sql_saga.no_gaps(daterange(valid_after,valid_to), null)
FROM    date_shifts
WHERE   job_id = 1;
 no_gaps 
---------
 
(1 row)

-- Errors:
-- it fails if the input ranges go backwards:
SELECT  sql_saga.no_gaps(daterange(valid_after,valid_to), daterange('2017-11-25', '2017-11-27') ORDER BY worker_id DESC)
FROM    date_shifts
WHERE   job_id = 1;
 no_gaps 
---------
 t
(1 row)

-- TODO: handle an empty target range? e.g. [5, 5)
-- Or maybe since that is a self-contradiction maybe ignore that case?
DELETE FROM date_shifts;
SELECT sql_saga.drop_unique_key('date_shifts', 'date_shifts_job_id_worker_id_valid');
 drop_unique_key 
-----------------
 
(1 row)

SELECT sql_saga.drop_era('date_shifts');
 drop_era 
----------
 t
(1 row)

DROP TABLE date_shifts;
