                 event                  | row_count | time_from_start | time_from_prev | row_count | rows_per_second 
----------------------------------------+-----------+-----------------+----------------+-----------+-----------------
 BEGIN                                  |         0 | 0 ms            |                | 0 rows    | 
 Parent INSERT (Plain)                  |         0 | 86 ms           | 86 ms          | 0 rows    | 
 Parent INSERT (Plain)                  |      1000 | 88 ms           | 2 ms           | 1000 rows | ~619963 rows/s
 Parent UPDATE Key (Plain)              |         0 | 88 ms           | 0 ms           | 0 rows    | 
 Parent UPDATE Key (Plain)              |      1000 | 90 ms           | 2 ms           | 1000 rows | ~535045 rows/s
 Parent UPDATE Non-Key (Plain)          |         0 | 90 ms           | 0 ms           | 0 rows    | 
 Parent UPDATE Non-Key (Plain)          |      1000 | 92 ms           | 2 ms           | 1000 rows | ~471032 rows/s
 Parent DELETE (Plain)                  |         0 | 92 ms           | 0 ms           | 0 rows    | 
 Parent DELETE (Plain)                  |      1000 | 93 ms           | 1 ms           | 1000 rows | ~0 rows/s
 Child INSERT (Plain)                   |         0 | 93 ms           | 0 ms           | 0 rows    | 
 Child INSERT (Plain)                   |      1000 | 94 ms           | 1 ms           | 1000 rows | ~780031 rows/s
 Child UPDATE Key (Plain)               |         0 | 94 ms           | 0 ms           | 0 rows    | 
 Child UPDATE Key (Plain)               |      1000 | 96 ms           | 2 ms           | 1000 rows | ~497512 rows/s
 Child UPDATE Non-Key (Plain)           |         0 | 96 ms           | 0 ms           | 0 rows    | 
 Child UPDATE Non-Key (Plain)           |      1000 | 99 ms           | 2 ms           | 1000 rows | ~407830 rows/s
 Child DELETE (Plain)                   |         0 | 99 ms           | 0 ms           | 0 rows    | 
 Child DELETE (Plain)                   |      1000 | 99 ms           | 0 ms           | 1000 rows | ~0 rows/s
 Regular INSERT (Plain)                 |         0 | 99 ms           | 0 ms           | 0 rows    | 
 Regular INSERT (Plain)                 |      1000 | 101 ms          | 2 ms           | 1000 rows | ~628931 rows/s
 Regular UPDATE (Plain)                 |         0 | 101 ms          | 0 ms           | 0 rows    | 
 Regular UPDATE (Plain)                 |      1000 | 103 ms          | 2 ms           | 1000 rows | ~453309 rows/s
 Regular DELETE (Plain)                 |         0 | 103 ms          | 0 ms           | 0 rows    | 
 Regular DELETE (Plain)                 |      1000 | 103 ms          | 0 ms           | 1000 rows | ~0 rows/s
 Parent INSERT (No Index)               |         0 | 839 ms          | 735 ms         | 0 rows    | 
 Parent INSERT (No Index)               |      1000 | 876 ms          | 38 ms          | 1000 rows | ~26407 rows/s
 Parent UPDATE Key (No Index)           |         0 | 876 ms          | 0 ms           | 0 rows    | 
 Parent UPDATE Key (No Index)           |      1000 | 1 secs          | 480 ms         | 1000 rows | ~2081 rows/s
 Parent UPDATE Non-Key (No Index)       |         0 | 1 secs          | 0 ms           | 0 rows    | 
 Parent UPDATE Non-Key (No Index)       |      1000 | 1 secs          | 22 ms          | 1000 rows | ~45848 rows/s
 Parent DELETE (No Index)               |         0 | 1 secs          | 0 ms           | 0 rows    | 
 Parent DELETE (No Index)               |      1000 | 2 secs          | 437 ms         | 1000 rows | ~2288 rows/s
 Parent DELETE (Check Only, No Index)   |         0 | 2 secs          | 0 ms           | 0 rows    | 
 Parent DELETE (Check Only, No Index)   |      1000 | 2 secs          | 443 ms         | 1000 rows | ~2257 rows/s
 Child INSERT (No Index)                |         0 | 2 secs          | 0 ms           | 0 rows    | 
 Child INSERT (No Index)                |      1000 | 2 secs          | 29 ms          | 1000 rows | ~34789 rows/s
 Child UPDATE Key (No Index)            |         0 | 2 secs          | 0 ms           | 0 rows    | 
 Child UPDATE Key (No Index)            |      1000 | 2 secs          | 23 ms          | 1000 rows | ~43956 rows/s
 Child UPDATE Non-Key (No Index)        |         0 | 2 secs          | 0 ms           | 0 rows    | 
 Child UPDATE Non-Key (No Index)        |      1000 | 2 secs          | 19 ms          | 1000 rows | ~53519 rows/s
 Child DELETE (No Index)                |         0 | 2 secs          | 0 ms           | 0 rows    | 
 Child DELETE (No Index)                |      1000 | 2 secs          | 1 ms           | 1000 rows | ~0 rows/s
 Regular INSERT (No Index)              |         0 | 2 secs          | 0 ms           | 0 rows    | 
 Regular INSERT (No Index)              |      1000 | 2 secs          | 9 ms           | 1000 rows | ~110546 rows/s
 Regular UPDATE (No Index)              |         0 | 2 secs          | 0 ms           | 0 rows    | 
 Regular UPDATE (No Index)              |      1000 | 2 secs          | 0 ms           | 1000 rows | ~0 rows/s
 Regular DELETE (No Index)              |         0 | 2 secs          | 0 ms           | 0 rows    | 
 Regular DELETE (No Index)              |      1000 | 2 secs          | 0 ms           | 1000 rows | ~0 rows/s
 Parent INSERT (With Index)             |         0 | 2 secs          | 21 ms          | 0 rows    | 
 Parent INSERT (With Index)             |      1000 | 2 secs          | 36 ms          | 1000 rows | ~27945 rows/s
 Parent UPDATE Key (With Index)         |         0 | 2 secs          | 0 ms           | 0 rows    | 
 Parent UPDATE Key (With Index)         |      1000 | 2 secs          | 43 ms          | 1000 rows | ~23298 rows/s
 Parent UPDATE Non-Key (With Index)     |         0 | 2 secs          | 0 ms           | 0 rows    | 
 Parent UPDATE Non-Key (With Index)     |      1000 | 2 secs          | 25 ms          | 1000 rows | ~39735 rows/s
 Parent DELETE (With Index)             |         0 | 2 secs          | 1 ms           | 0 rows    | 
 Parent DELETE (With Index)             |      1000 | 2 secs          | 10 ms          | 1000 rows | ~101031 rows/s
 Parent DELETE (Check Only, With Index) |         0 | 2 secs          | 0 ms           | 0 rows    | 
 Parent DELETE (Check Only, With Index) |      1000 | 2 secs          | 10 ms          | 1000 rows | ~105219 rows/s
 Child INSERT (With Index)              |         0 | 2 secs          | 0 ms           | 0 rows    | 
 Child INSERT (With Index)              |      1000 | 3 secs          | 35 ms          | 1000 rows | ~28305 rows/s
 Child UPDATE Key (With Index)          |         0 | 3 secs          | 0 ms           | 0 rows    | 
 Child UPDATE Key (With Index)          |      1000 | 3 secs          | 26 ms          | 1000 rows | ~38069 rows/s
 Child UPDATE Non-Key (With Index)      |         0 | 3 secs          | 0 ms           | 0 rows    | 
 Child UPDATE Non-Key (With Index)      |      1000 | 3 secs          | 23 ms          | 1000 rows | ~44403 rows/s
 Child DELETE (With Index)              |         0 | 3 secs          | 0 ms           | 0 rows    | 
 Child DELETE (With Index)              |      1000 | 3 secs          | 1 ms           | 1000 rows | ~0 rows/s
 Regular INSERT (With Index)            |         0 | 3 secs          | 0 ms           | 0 rows    | 
 Regular INSERT (With Index)            |      1000 | 3 secs          | 10 ms          | 1000 rows | ~105141 rows/s
 Regular UPDATE (With Index)            |         0 | 3 secs          | 0 ms           | 0 rows    | 
 Regular UPDATE (With Index)            |      1000 | 3 secs          | 0 ms           | 1000 rows | ~0 rows/s
 Regular DELETE (With Index)            |         0 | 3 secs          | 0 ms           | 0 rows    | 
 Regular DELETE (With Index)            |      1000 | 3 secs          | 0 ms           | 1000 rows | ~0 rows/s
 temporal_merge Parent (With Index)     |         0 | 3 secs          | 52 ms          | 0 rows    | 
 temporal_merge Parent (With Index)     |      1000 | 3 secs          | 576 ms         | 1000 rows | ~1736 rows/s
 temporal_merge Child (With Index)      |         0 | 3 secs          | 8 ms           | 0 rows    | 
 temporal_merge Child (With Index)      |      1000 | 4 secs          | 502 ms         | 1000 rows | ~1993 rows/s
(75 rows)

