                                   event                                   | row_count | time_from_start | time_from_prev | row_count | rows_per_second 
---------------------------------------------------------------------------+-----------+-----------------+----------------+-----------+-----------------
 BEGIN                                                                     |         0 | 0 ms            |                | 0 rows    | 
 tm_loop, batch 100 / MERGE_ENTITY_UPSERT Parent (Triggers OFF) iter 1     |         0 | 68 ms           | 68 ms          | 0 rows    | 
 tm_loop, batch 100 / MERGE_ENTITY_UPSERT Parent (Triggers OFF) iter 1     |       100 | 126 ms          | 58 ms          | 100 rows  | ~1717 rows/s
 tm_loop, batch 100 / MERGE_ENTITY_UPSERT Child (Triggers OFF) iter 1      |         0 | 126 ms          | 0 ms           | 0 rows    | 
 tm_loop, batch 100 / MERGE_ENTITY_UPSERT Child (Triggers OFF) iter 1      |       100 | 185 ms          | 59 ms          | 100 rows  | ~1703 rows/s
 tm_loop, batch 100 / MERGE_ENTITY_UPSERT Parent (Triggers OFF) iter 2     |         0 | 187 ms          | 2 ms           | 0 rows    | 
 tm_loop, batch 100 / MERGE_ENTITY_UPSERT Parent (Triggers OFF) iter 2     |       100 | 240 ms          | 54 ms          | 100 rows  | ~1862 rows/s
 tm_loop, batch 100 / MERGE_ENTITY_UPSERT Child (Triggers OFF) iter 2      |         0 | 240 ms          | 0 ms           | 0 rows    | 
 tm_loop, batch 100 / MERGE_ENTITY_UPSERT Child (Triggers OFF) iter 2      |       100 | 297 ms          | 57 ms          | 100 rows  | ~1755 rows/s
 tm_loop, batch 100 / MERGE_ENTITY_UPSERT Parent (Triggers ON) iter 1      |         0 | 313 ms          | 16 ms          | 0 rows    | 
 tm_loop, batch 100 / MERGE_ENTITY_UPSERT Parent (Triggers ON) iter 1      |       100 | 372 ms          | 59 ms          | 100 rows  | ~1688 rows/s
 tm_loop, batch 100 / MERGE_ENTITY_UPSERT Child (Triggers ON) iter 1       |         0 | 372 ms          | 0 ms           | 0 rows    | 
 tm_loop, batch 100 / MERGE_ENTITY_UPSERT Child (Triggers ON) iter 1       |       100 | 432 ms          | 59 ms          | 100 rows  | ~1681 rows/s
 tm_loop, batch 100 / MERGE_ENTITY_UPSERT Parent (Triggers ON) iter 2      |         0 | 434 ms          | 2 ms           | 0 rows    | 
 tm_loop, batch 100 / MERGE_ENTITY_UPSERT Parent (Triggers ON) iter 2      |       100 | 490 ms          | 56 ms          | 100 rows  | ~1799 rows/s
 tm_loop, batch 100 / MERGE_ENTITY_UPSERT Child (Triggers ON) iter 2       |         0 | 490 ms          | 0 ms           | 0 rows    | 
 tm_loop, batch 100 / MERGE_ENTITY_UPSERT Child (Triggers ON) iter 2       |       100 | 547 ms          | 57 ms          | 100 rows  | ~1763 rows/s
 tm_loop, batch 100 / UPDATE_FOR_PORTION_OF Parent (Triggers OFF) iter 1   |         0 | 565 ms          | 18 ms          | 0 rows    | 
 tm_loop, batch 100 / UPDATE_FOR_PORTION_OF Parent (Triggers OFF) iter 1   |       100 | 615 ms          | 50 ms          | 100 rows  | ~2001 rows/s
 tm_loop, batch 100 / UPDATE_FOR_PORTION_OF Child (Triggers OFF) iter 1    |         0 | 615 ms          | 0 ms           | 0 rows    | 
 tm_loop, batch 100 / UPDATE_FOR_PORTION_OF Child (Triggers OFF) iter 1    |       100 | 662 ms          | 48 ms          | 100 rows  | ~2099 rows/s
 tm_loop, batch 100 / UPDATE_FOR_PORTION_OF Parent (Triggers OFF) iter 2   |         0 | 665 ms          | 2 ms           | 0 rows    | 
 tm_loop, batch 100 / UPDATE_FOR_PORTION_OF Parent (Triggers OFF) iter 2   |       100 | 712 ms          | 47 ms          | 100 rows  | ~2130 rows/s
 tm_loop, batch 100 / UPDATE_FOR_PORTION_OF Child (Triggers OFF) iter 2    |         0 | 712 ms          | 0 ms           | 0 rows    | 
 tm_loop, batch 100 / UPDATE_FOR_PORTION_OF Child (Triggers OFF) iter 2    |       100 | 761 ms          | 49 ms          | 100 rows  | ~2041 rows/s
 tm_loop, batch 100 / UPDATE_FOR_PORTION_OF Parent (Triggers ON) iter 1    |         0 | 777 ms          | 16 ms          | 0 rows    | 
 tm_loop, batch 100 / UPDATE_FOR_PORTION_OF Parent (Triggers ON) iter 1    |       100 | 827 ms          | 50 ms          | 100 rows  | ~1998 rows/s
 tm_loop, batch 100 / UPDATE_FOR_PORTION_OF Child (Triggers ON) iter 1     |         0 | 827 ms          | 0 ms           | 0 rows    | 
 tm_loop, batch 100 / UPDATE_FOR_PORTION_OF Child (Triggers ON) iter 1     |       100 | 877 ms          | 50 ms          | 100 rows  | ~2010 rows/s
 tm_loop, batch 100 / UPDATE_FOR_PORTION_OF Parent (Triggers ON) iter 2    |         0 | 879 ms          | 2 ms           | 0 rows    | 
 tm_loop, batch 100 / UPDATE_FOR_PORTION_OF Parent (Triggers ON) iter 2    |       100 | 924 ms          | 46 ms          | 100 rows  | ~2194 rows/s
 tm_loop, batch 100 / UPDATE_FOR_PORTION_OF Child (Triggers ON) iter 2     |         0 | 924 ms          | 0 ms           | 0 rows    | 
 tm_loop, batch 100 / UPDATE_FOR_PORTION_OF Child (Triggers ON) iter 2     |       100 | 974 ms          | 49 ms          | 100 rows  | ~2034 rows/s
 tm_loop, batch 1000 / MERGE_ENTITY_UPSERT Parent (Triggers OFF) iter 1    |         0 | 998 ms          | 24 ms          | 0 rows    | 
 tm_loop, batch 1000 / MERGE_ENTITY_UPSERT Parent (Triggers OFF) iter 1    |      1000 | 1 secs          | 465 ms         | 1000 rows | ~2152 rows/s
 tm_loop, batch 1000 / MERGE_ENTITY_UPSERT Child (Triggers OFF) iter 1     |         0 | 1 secs          | 0 ms           | 0 rows    | 
 tm_loop, batch 1000 / MERGE_ENTITY_UPSERT Child (Triggers OFF) iter 1     |      1000 | 2 secs          | 455 ms         | 1000 rows | ~2196 rows/s
 tm_loop, batch 1000 / MERGE_ENTITY_UPSERT Parent (Triggers OFF) iter 2    |         0 | 2 secs          | 8 ms           | 0 rows    | 
 tm_loop, batch 1000 / MERGE_ENTITY_UPSERT Parent (Triggers OFF) iter 2    |      1000 | 2 secs          | 461 ms         | 1000 rows | ~2170 rows/s
 tm_loop, batch 1000 / MERGE_ENTITY_UPSERT Child (Triggers OFF) iter 2     |         0 | 2 secs          | 0 ms           | 0 rows    | 
 tm_loop, batch 1000 / MERGE_ENTITY_UPSERT Child (Triggers OFF) iter 2     |      1000 | 3 secs          | 466 ms         | 1000 rows | ~2148 rows/s
 tm_loop, batch 1000 / MERGE_ENTITY_UPSERT Parent (Triggers ON) iter 1     |         0 | 3 secs          | 23 ms          | 0 rows    | 
 tm_loop, batch 1000 / MERGE_ENTITY_UPSERT Parent (Triggers ON) iter 1     |      1000 | 3 secs          | 454 ms         | 1000 rows | ~2205 rows/s
 tm_loop, batch 1000 / MERGE_ENTITY_UPSERT Child (Triggers ON) iter 1      |         0 | 3 secs          | 0 ms           | 0 rows    | 
 tm_loop, batch 1000 / MERGE_ENTITY_UPSERT Child (Triggers ON) iter 1      |      1000 | 4 secs          | 468 ms         | 1000 rows | ~2135 rows/s
 tm_loop, batch 1000 / MERGE_ENTITY_UPSERT Parent (Triggers ON) iter 2     |         0 | 4 secs          | 7 ms           | 0 rows    | 
 tm_loop, batch 1000 / MERGE_ENTITY_UPSERT Parent (Triggers ON) iter 2     |      1000 | 4 secs          | 454 ms         | 1000 rows | ~2201 rows/s
 tm_loop, batch 1000 / MERGE_ENTITY_UPSERT Child (Triggers ON) iter 2      |         0 | 4 secs          | 0 ms           | 0 rows    | 
 tm_loop, batch 1000 / MERGE_ENTITY_UPSERT Child (Triggers ON) iter 2      |      1000 | 5 secs          | 473 ms         | 1000 rows | ~2116 rows/s
 tm_loop, batch 1000 / UPDATE_FOR_PORTION_OF Parent (Triggers OFF) iter 1  |         0 | 5 secs          | 23 ms          | 0 rows    | 
 tm_loop, batch 1000 / UPDATE_FOR_PORTION_OF Parent (Triggers OFF) iter 1  |      1000 | 5 secs          | 278 ms         | 1000 rows | ~3592 rows/s
 tm_loop, batch 1000 / UPDATE_FOR_PORTION_OF Child (Triggers OFF) iter 1   |         0 | 5 secs          | 0 ms           | 0 rows    | 
 tm_loop, batch 1000 / UPDATE_FOR_PORTION_OF Child (Triggers OFF) iter 1   |      1000 | 5 secs          | 287 ms         | 1000 rows | ~3485 rows/s
 tm_loop, batch 1000 / UPDATE_FOR_PORTION_OF Parent (Triggers OFF) iter 2  |         0 | 5 secs          | 7 ms           | 0 rows    | 
 tm_loop, batch 1000 / UPDATE_FOR_PORTION_OF Parent (Triggers OFF) iter 2  |      1000 | 6 secs          | 274 ms         | 1000 rows | ~3655 rows/s
 tm_loop, batch 1000 / UPDATE_FOR_PORTION_OF Child (Triggers OFF) iter 2   |         0 | 6 secs          | 0 ms           | 0 rows    | 
 tm_loop, batch 1000 / UPDATE_FOR_PORTION_OF Child (Triggers OFF) iter 2   |      1000 | 6 secs          | 273 ms         | 1000 rows | ~3665 rows/s
 tm_loop, batch 1000 / UPDATE_FOR_PORTION_OF Parent (Triggers ON) iter 1   |         0 | 6 secs          | 23 ms          | 0 rows    | 
 tm_loop, batch 1000 / UPDATE_FOR_PORTION_OF Parent (Triggers ON) iter 1   |      1000 | 6 secs          | 275 ms         | 1000 rows | ~3631 rows/s
 tm_loop, batch 1000 / UPDATE_FOR_PORTION_OF Child (Triggers ON) iter 1    |         0 | 6 secs          | 0 ms           | 0 rows    | 
 tm_loop, batch 1000 / UPDATE_FOR_PORTION_OF Child (Triggers ON) iter 1    |      1000 | 6 secs          | 278 ms         | 1000 rows | ~3593 rows/s
 tm_loop, batch 1000 / UPDATE_FOR_PORTION_OF Parent (Triggers ON) iter 2   |         0 | 6 secs          | 9 ms           | 0 rows    | 
 tm_loop, batch 1000 / UPDATE_FOR_PORTION_OF Parent (Triggers ON) iter 2   |      1000 | 7 secs          | 287 ms         | 1000 rows | ~3488 rows/s
 tm_loop, batch 1000 / UPDATE_FOR_PORTION_OF Child (Triggers ON) iter 2    |         0 | 7 secs          | 0 ms           | 0 rows    | 
 tm_loop, batch 1000 / UPDATE_FOR_PORTION_OF Child (Triggers ON) iter 2    |      1000 | 7 secs          | 277 ms         | 1000 rows | ~3613 rows/s
 tm_loop, batch 10000 / MERGE_ENTITY_UPSERT Parent (Triggers OFF) iter 1   |         0 | 7 secs          | 51 ms          | 0 rows    | 
 tm_loop, batch 10000 / MERGE_ENTITY_UPSERT Parent (Triggers OFF) iter 1   |      4000 | 13 secs         | 6 secs         | 4000 rows | ~705 rows/s
 tm_loop, batch 10000 / MERGE_ENTITY_UPSERT Child (Triggers OFF) iter 1    |         0 | 13 secs         | 0 ms           | 0 rows    | 
 tm_loop, batch 10000 / MERGE_ENTITY_UPSERT Child (Triggers OFF) iter 1    |      4000 | 18 secs         | 6 secs         | 4000 rows | ~706 rows/s
 tm_loop, batch 10000 / MERGE_ENTITY_UPSERT Parent (Triggers ON) iter 1    |         0 | 18 secs         | 58 ms          | 0 rows    | 
 tm_loop, batch 10000 / MERGE_ENTITY_UPSERT Parent (Triggers ON) iter 1    |      4000 | 24 secs         | 6 secs         | 4000 rows | ~698 rows/s
 tm_loop, batch 10000 / MERGE_ENTITY_UPSERT Child (Triggers ON) iter 1     |         0 | 24 secs         | 0 ms           | 0 rows    | 
 tm_loop, batch 10000 / MERGE_ENTITY_UPSERT Child (Triggers ON) iter 1     |      4000 | 31 secs         | 6 secs         | 4000 rows | ~630 rows/s
 tm_loop, batch 10000 / UPDATE_FOR_PORTION_OF Parent (Triggers OFF) iter 1 |         0 | 31 secs         | 62 ms          | 0 rows    | 
 tm_loop, batch 10000 / UPDATE_FOR_PORTION_OF Parent (Triggers OFF) iter 1 |      4000 | 35 secs         | 5 secs         | 4000 rows | ~880 rows/s
 tm_loop, batch 10000 / UPDATE_FOR_PORTION_OF Child (Triggers OFF) iter 1  |         0 | 35 secs         | 0 ms           | 0 rows    | 
 tm_loop, batch 10000 / UPDATE_FOR_PORTION_OF Child (Triggers OFF) iter 1  |      4000 | 39 secs         | 4 secs         | 4000 rows | ~983 rows/s
 tm_loop, batch 10000 / UPDATE_FOR_PORTION_OF Parent (Triggers ON) iter 1  |         0 | 39 secs         | 54 ms          | 0 rows    | 
 tm_loop, batch 10000 / UPDATE_FOR_PORTION_OF Parent (Triggers ON) iter 1  |      4000 | 44 secs         | 4 secs         | 4000 rows | ~896 rows/s
 tm_loop, batch 10000 / UPDATE_FOR_PORTION_OF Child (Triggers ON) iter 1   |         0 | 44 secs         | 0 ms           | 0 rows    | 
 tm_loop, batch 10000 / UPDATE_FOR_PORTION_OF Child (Triggers ON) iter 1   |      4000 | 49 secs         | 5 secs         | 4000 rows | ~791 rows/s
 tm_loop, batch 20000 / MERGE_ENTITY_UPSERT Parent (Triggers OFF) iter 1   |         0 | 49 secs         | 65 ms          | 0 rows    | 
 tm_loop, batch 20000 / MERGE_ENTITY_UPSERT Parent (Triggers OFF) iter 1   |      4000 | 56 secs         | 7 secs         | 4000 rows | ~575 rows/s
 tm_loop, batch 20000 / MERGE_ENTITY_UPSERT Child (Triggers OFF) iter 1    |         0 | 56 secs         | 0 ms           | 0 rows    | 
 tm_loop, batch 20000 / MERGE_ENTITY_UPSERT Child (Triggers OFF) iter 1    |      4000 | 62 secs         | 6 secs         | 4000 rows | ~682 rows/s
 tm_loop, batch 20000 / MERGE_ENTITY_UPSERT Parent (Triggers ON) iter 1    |         0 | 62 secs         | 52 ms          | 0 rows    | 
 tm_loop, batch 20000 / MERGE_ENTITY_UPSERT Parent (Triggers ON) iter 1    |      4000 | 67 secs         | 6 secs         | 4000 rows | ~707 rows/s
 tm_loop, batch 20000 / MERGE_ENTITY_UPSERT Child (Triggers ON) iter 1     |         0 | 67 secs         | 0 ms           | 0 rows    | 
 tm_loop, batch 20000 / MERGE_ENTITY_UPSERT Child (Triggers ON) iter 1     |      4000 | 73 secs         | 6 secs         | 4000 rows | ~693 rows/s
 tm_loop, batch 20000 / UPDATE_FOR_PORTION_OF Parent (Triggers OFF) iter 1 |         0 | 73 secs         | 51 ms          | 0 rows    | 
 tm_loop, batch 20000 / UPDATE_FOR_PORTION_OF Parent (Triggers OFF) iter 1 |      4000 | 77 secs         | 3 secs         | 4000 rows | ~1156 rows/s
 tm_loop, batch 20000 / UPDATE_FOR_PORTION_OF Child (Triggers OFF) iter 1  |         0 | 77 secs         | 0 ms           | 0 rows    | 
 tm_loop, batch 20000 / UPDATE_FOR_PORTION_OF Child (Triggers OFF) iter 1  |      4000 | 80 secs         | 3 secs         | 4000 rows | ~1154 rows/s
 tm_loop, batch 20000 / UPDATE_FOR_PORTION_OF Parent (Triggers ON) iter 1  |         0 | 80 secs         | 50 ms          | 0 rows    | 
 tm_loop, batch 20000 / UPDATE_FOR_PORTION_OF Parent (Triggers ON) iter 1  |      4000 | 84 secs         | 3 secs         | 4000 rows | ~1167 rows/s
 tm_loop, batch 20000 / UPDATE_FOR_PORTION_OF Child (Triggers ON) iter 1   |         0 | 84 secs         | 0 ms           | 0 rows    | 
 tm_loop, batch 20000 / UPDATE_FOR_PORTION_OF Child (Triggers ON) iter 1   |      4000 | 87 secs         | 3 secs         | 4000 rows | ~1159 rows/s
(97 rows)

