log_id,event,label,queryid,calls,total_exec_time,rows,shared_blks_hit,shared_blks_read,temp_blks_read,temp_blks_written,total_plan_time,wal_records,wal_bytes,query
c24,Era + History INSERTs,,-8347422911274965969,10000,421.31215500000053,10000,208695,0,0,0,0,69786,7017537,"INSERT INTO establishment_era_history (id, valid_from, valid_until, legal_unit_id, postal_place) VALUES (i, '2015-01-01', 'infinity', i, 'Shop ' || i)"
e7f,Era + History INSERTs,,-4598703391068271737,10000,273.9938719999998,10000,149111,0,0,0,0,49927,4726349,"INSERT INTO legal_unit_era_history (id, valid_from, valid_until, name) VALUES (i, '2015-01-01', 'infinity', 'Company ' || i)"
936,Era + History INSERTs,,4876277801011965242,10000,55.55387799999945,10000,29774,0,0,0,0,0,0,"SELECT COALESCE((  SELECT sql_saga.covers_without_gaps(    daterange(uk.valid_from, uk.valid_until),    daterange($2, $3)    ORDER BY uk.valid_from  )  FROM public.legal_unit_era_history AS uk  WHERE uk.id = $1), false)"
a93,Era + History INSERTs,,6941686335212195630,20000,21.299350000003336,20000,40000,0,0,0,0,0,0,"SELECT e.valid_from_column_name, e.valid_until_column_name FROM sql_saga.era AS e WHERE (e.table_schema, e.table_name, e.era_name) = ($1, $2, $3)"
d8b,Era + History INSERTs,,6941686335212195630,10000,10.710740999999999,10000,20000,0,0,0,0,0,0,"SELECT e.valid_from_column_name, e.valid_until_column_name FROM sql_saga.era AS e WHERE (e.table_schema, e.table_name, e.era_name) = ($1, $2, $3)"
b7b,Era + History INSERTs,,6941686335212195630,10000,10.212736000000085,10000,20000,0,0,0,0,0,0,"SELECT e.valid_from_column_name, e.valid_until_column_name FROM sql_saga.era AS e WHERE (e.table_schema, e.table_name, e.era_name) = ($1, $2, $3)"
76d,Era + History Update deferred constraints,,-6937304444263176220,1,391.98775,10000,330828,0,0,0,0,70214,5907905,UPDATE legal_unit_era_history SET valid_until = '2016-01-01' WHERE id <= 10000 AND valid_from = '2015-01-01'
6d2,Era + History Update deferred constraints,,9189795267718485624,1,207.619042,0,100018,0,0,0,0,0,0,SET CONSTRAINTS ALL IMMEDIATE
7c2,Era + History Update deferred constraints,,-924644976783056207,1,174.39874999999998,10000,160502,0,0,0,0,40423,4132972,"INSERT INTO legal_unit_era_history (id, valid_from, valid_until, name) SELECT id, '2016-01-01', 'infinity', name FROM legal_unit_era_history WHERE valid_until = '2016-01-01'"
292,Era + History Update deferred constraints,,-7452268091686667643,10000,132.05899400000112,10000,80001,0,0,0,0,0,0,"SELECT EXISTS (SELECT 1 FROM public.establishment_era_history AS fk WHERE fk.legal_unit_id = $1 AND COALESCE(NOT (SELECT sql_saga.covers_without_gaps(daterange(sub_uk.valid_from, sub_uk.valid_until), daterange(fk.valid_from, fk.valid_until) ORDER BY sub_uk.valid_from) FROM (SELECT id, valid_from, valid_until FROM public.legal_unit_era_history AS uk WHERE TRUE  AND NOT (uk.id = $1 AND uk.valid_from = $2 AND uk.valid_until = $3)  UNION ALL SELECT $4, $5, $6)  AS sub_uk(id, valid_from, valid_until) WHERE fk.legal_unit_id = sub_uk.id), true))"
78f,Era + History Update deferred constraints,,129458163626990258,10000,24.405283000002015,10000,70000,0,0,0,0,0,0,"SELECT hc.oid FROM sql_saga.system_versioning sv JOIN pg_catalog.pg_namespace hn ON sv.history_schema_name = hn.nspname JOIN pg_catalog.pg_class hc ON (hc.relnamespace, hc.relname) = (hn.oid, sv.history_table_name) WHERE sv.table_schema = $1 AND sv.table_name = $2"
a56,Era + History Update deferred constraints,,6941686335212195630,20000,18.527316000002084,20000,40000,0,0,0,0,0,0,"SELECT e.valid_from_column_name, e.valid_until_column_name FROM sql_saga.era AS e WHERE (e.table_schema, e.table_name, e.era_name) = ($1, $2, $3)"
879,Era + History Update deferred constraints,,2449637997749510318,10000,15.576738000000224,10000,10182,0,0,0,0,10001,1030249,INSERT INTO public.legal_unit_era_history_history VALUES (($1).*)
d83,Era + History Update deferred constraints,,-5187978240250540220,10000,10.562219000000239,0,20000,0,0,0,0,0,0,SELECT u.name FROM sql_saga.system_time_era AS ste CROSS JOIN unnest(ste.excluded_column_names) AS u (name) WHERE ste.table_schema = $1 AND ste.table_name = $2
fb7,Era + History Update deferred constraints,,-5187978240250540220,10000,10.408840000000088,0,20000,0,0,0,0,0,0,SELECT u.name FROM sql_saga.system_time_era AS ste CROSS JOIN unnest(ste.excluded_column_names) AS u (name) WHERE ste.table_schema = $1 AND ste.table_name = $2
53e,Era + History Update deferred constraints,,6941686335212195630,10000,9.587076000000053,10000,20000,0,0,0,0,0,0,"SELECT e.valid_from_column_name, e.valid_until_column_name FROM sql_saga.era AS e WHERE (e.table_schema, e.table_name, e.era_name) = ($1, $2, $3)"
35b,Era + History Update deferred constraints,,6941686335212195630,10000,9.532089,10000,20000,0,0,0,0,0,0,"SELECT e.valid_from_column_name, e.valid_until_column_name FROM sql_saga.era AS e WHERE (e.table_schema, e.table_name, e.era_name) = ($1, $2, $3)"
399,Era + History Update non-key,,6656004476015479873,1,886.560833,20000,710571,0,0,0,0,141172,12032689,UPDATE legal_unit_era_history SET name = 'New ' || name WHERE id <= 10000
fb5,Era + History Update non-key,,129458163626990258,20000,48.64074100000081,20000,140000,0,0,0,0,0,0,"SELECT hc.oid FROM sql_saga.system_versioning sv JOIN pg_catalog.pg_namespace hn ON sv.history_schema_name = hn.nspname JOIN pg_catalog.pg_class hc ON (hc.relnamespace, hc.relname) = (hn.oid, sv.history_table_name) WHERE sv.table_schema = $1 AND sv.table_name = $2"
5cb,Era + History Update non-key,,2449637997749510318,20000,31.319446999994277,20000,20370,0,0,0,0,20000,2044016,INSERT INTO public.legal_unit_era_history_history VALUES (($1).*)
56d,Era + History Update non-key,,-5187978240250540220,20000,20.944276000004045,0,40000,0,0,0,0,0,0,SELECT u.name FROM sql_saga.system_time_era AS ste CROSS JOIN unnest(ste.excluded_column_names) AS u (name) WHERE ste.table_schema = $1 AND ste.table_name = $2
e9c,Era + History Update non-key,,-5187978240250540220,20000,20.925066000004364,0,40000,0,0,0,0,0,0,SELECT u.name FROM sql_saga.system_time_era AS ste CROSS JOIN unnest(ste.excluded_column_names) AS u (name) WHERE ste.table_schema = $1 AND ste.table_name = $2
cfd,Era + History Update non-key,,6941686335212195630,20000,19.912262000003565,20000,40000,0,0,0,0,0,0,"SELECT e.valid_from_column_name, e.valid_until_column_name FROM sql_saga.era AS e WHERE (e.table_schema, e.table_name, e.era_name) = ($1, $2, $3)"
c96,Era + History Update non-key,,6941686335212195630,20000,19.37781000000346,20000,40000,0,0,0,0,0,0,"SELECT e.valid_from_column_name, e.valid_until_column_name FROM sql_saga.era AS e WHERE (e.table_schema, e.table_name, e.era_name) = ($1, $2, $3)"
411,History INSERTs,,-944912903731179601,10000,122.97650000000219,10000,60164,0,0,0,0,10001,957449,"INSERT INTO establishment_sv (id, legal_unit_id, postal_place) VALUES (i, i, 'Shop ' || i)"
f71,History INSERTs,,-1581548095004032667,10000,122.35941400000097,10000,60162,0,0,0,0,10001,950249,"INSERT INTO legal_unit_sv (id, name) VALUES (i, 'Company ' || i)"
233,History INSERTs,,6941686335212195630,20000,18.54459900000216,20000,40000,0,0,0,0,0,0,"SELECT e.valid_from_column_name, e.valid_until_column_name FROM sql_saga.era AS e WHERE (e.table_schema, e.table_name, e.era_name) = ($1, $2, $3)"
473,History INSERTs,,6941686335212195630,10000,9.565719000000055,10000,20000,0,0,0,0,0,0,"SELECT e.valid_from_column_name, e.valid_until_column_name FROM sql_saga.era AS e WHERE (e.table_schema, e.table_name, e.era_name) = ($1, $2, $3)"
22f,History INSERTs,,6941686335212195630,10000,9.15610299999999,10000,20000,0,0,0,0,0,0,"SELECT e.valid_from_column_name, e.valid_until_column_name FROM sql_saga.era AS e WHERE (e.table_schema, e.table_name, e.era_name) = ($1, $2, $3)"
30b,History Update,,-4652286094288630566,1,279.267334,10000,230475,0,0,0,0,40001,3170249,UPDATE legal_unit_sv SET name = 'New ' || name WHERE id <= 10000
507,History Update,,129458163626990258,10000,23.105490000000916,10000,70000,0,0,0,0,0,0,"SELECT hc.oid FROM sql_saga.system_versioning sv JOIN pg_catalog.pg_namespace hn ON sv.history_schema_name = hn.nspname JOIN pg_catalog.pg_class hc ON (hc.relnamespace, hc.relname) = (hn.oid, sv.history_table_name) WHERE sv.table_schema = $1 AND sv.table_name = $2"
d14,History Update,,-3842075085938609076,10000,18.875512000001393,10000,10162,0,0,0,0,10001,950249,INSERT INTO public.legal_unit_sv_history VALUES (($1).*)
345,History Update,,-5187978240250540220,10000,9.816903000000035,0,20000,0,0,0,0,0,0,SELECT u.name FROM sql_saga.system_time_era AS ste CROSS JOIN unnest(ste.excluded_column_names) AS u (name) WHERE ste.table_schema = $1 AND ste.table_name = $2
c32,History Update,,-5187978240250540220,10000,9.716881999999865,0,20000,0,0,0,0,0,0,SELECT u.name FROM sql_saga.system_time_era AS ste CROSS JOIN unnest(ste.excluded_column_names) AS u (name) WHERE ste.table_schema = $1 AND ste.table_name = $2
a98,History Update,,6941686335212195630,10000,8.764553999999887,10000,20000,0,0,0,0,0,0,"SELECT e.valid_from_column_name, e.valid_until_column_name FROM sql_saga.era AS e WHERE (e.table_schema, e.table_name, e.era_name) = ($1, $2, $3)"
b2b,History Update,,6941686335212195630,10000,8.405788999999995,10000,20000,0,0,0,0,0,0,"SELECT e.valid_from_column_name, e.valid_until_column_name FROM sql_saga.era AS e WHERE (e.table_schema, e.table_name, e.era_name) = ($1, $2, $3)"
